---
source: tests/integration_test.rs
expression: help_output
---
omni-dev - A comprehensive development toolkit

A comprehensive development toolkit

Usage: omni-dev <COMMAND>

Commands:
  git       Git-related operations
  commands  Command template management
  config    Configuration and model information
  help-all  Display comprehensive help for all commands
  help      Print this message or the help of the given subcommand(s)

Options:
  -h, --help     Print help
  -V, --version  Print version


================================================================================

omni-dev commands - Command template management

Command template management

Usage: commands <COMMAND>

Commands:
  generate  Generate command templates
  help      Print this message or the help of the given subcommand(s)

Options:
  -h, --help  Print help


================================================================================

omni-dev commands generate - Generate command templates

Generate command templates

Usage: generate <COMMAND>

Commands:
  commit-twiddle  Generate commit-twiddle command template
  pr-create       Generate pr-create command template
  pr-update       Generate pr-update command template
  all             Generate all command templates
  help            Print this message or the help of the given subcommand(s)

Options:
  -h, --help  Print help


================================================================================

omni-dev commands generate all - Generate all command templates

Generate all command templates

Usage: all

Options:
  -h, --help  Print help


================================================================================

omni-dev commands generate commit-twiddle - Generate commit-twiddle command template

Generate commit-twiddle command template

Usage: commit-twiddle

Options:
  -h, --help  Print help


================================================================================

omni-dev commands generate pr-create - Generate pr-create command template

Generate pr-create command template

Usage: pr-create

Options:
  -h, --help  Print help


================================================================================

omni-dev commands generate pr-update - Generate pr-update command template

Generate pr-update command template

Usage: pr-update

Options:
  -h, --help  Print help


================================================================================

omni-dev config - Configuration and model information

Configuration and model information

Usage: config <COMMAND>

Commands:
  models  AI model configuration and information
  help    Print this message or the help of the given subcommand(s)

Options:
  -h, --help  Print help


================================================================================

omni-dev config models - AI model configuration and information

AI model configuration and information

Usage: models <COMMAND>

Commands:
  show  Show the embedded models.yaml configuration
  help  Print this message or the help of the given subcommand(s)

Options:
  -h, --help  Print help


================================================================================

omni-dev config models show - Show the embedded models.yaml configuration

Show the embedded models.yaml configuration

Usage: show

Options:
  -h, --help  Print help


================================================================================

omni-dev git - Git-related operations

Git-related operations

Usage: git <COMMAND>

Commands:
  commit  Commit-related operations
  branch  Branch-related operations
  help    Print this message or the help of the given subcommand(s)

Options:
  -h, --help  Print help


================================================================================

omni-dev git branch - Branch-related operations

Branch-related operations

Usage: branch <COMMAND>

Commands:
  info    Analyze branch commits and output repository information in YAML format
  create  Create operations
  help    Print this message or the help of the given subcommand(s)

Options:
  -h, --help  Print help


================================================================================

omni-dev git branch create - Create operations

Create operations

Usage: create <COMMAND>

Commands:
  pr    Create a pull request with AI-generated description
  help  Print this message or the help of the given subcommand(s)

Options:
  -h, --help  Print help


================================================================================

omni-dev git branch create pr - Create a pull request with AI-generated description

Create a pull request with AI-generated description

Usage: pr [OPTIONS]

Options:
      --base <BRANCH>     Base branch for the PR to be merged into (defaults to main/master)
      --auto-apply        Skip confirmation prompt and create PR automatically
      --save-only <FILE>  Save generated PR details to file without creating PR
      --ready             Create PR as ready for review (overrides default)
      --draft             Create PR as draft (overrides default)
  -h, --help              Print help


================================================================================

omni-dev git branch info - Analyze branch commits and output repository information in YAML format

Analyze branch commits and output repository information in YAML format

Usage: info [BASE_BRANCH]

Arguments:
  [BASE_BRANCH]  Base branch to compare against (defaults to main/master)

Options:
  -h, --help  Print help


================================================================================

omni-dev git commit - Commit-related operations

Commit-related operations

Usage: commit <COMMAND>

Commands:
  message  Commit message operations
  help     Print this message or the help of the given subcommand(s)

Options:
  -h, --help  Print help


================================================================================

omni-dev git commit message - Commit message operations

Commit message operations

Usage: message <COMMAND>

Commands:
  view     Analyze commits and output repository information in YAML format
  amend    Amend commit messages based on a YAML configuration file
  twiddle  AI-powered commit message improvement using Claude
  check    Check commit messages against guidelines without modifying them
  help     Print this message or the help of the given subcommand(s)

Options:
  -h, --help  Print help


================================================================================

omni-dev git commit message amend - Amend commit messages based on a YAML configuration file

Amend commit messages based on a YAML configuration file

Usage: amend <YAML_FILE>

Arguments:
  <YAML_FILE>  YAML file containing commit amendments

Options:
  -h, --help  Print help


================================================================================

omni-dev git commit message check - Check commit messages against guidelines without modifying them

Check commit messages against guidelines without modifying them

Usage: check [OPTIONS] [COMMIT_RANGE]

Arguments:
  [COMMIT_RANGE]  Commit range to check (e.g., HEAD~3..HEAD, abc123..def456) Defaults to commits ahead of main branch

Options:
      --model <MODEL>              Claude API model to use (if not specified, uses settings or default)
      --context-dir <CONTEXT_DIR>  Path to custom context directory (defaults to .omni-dev/)
      --guidelines <GUIDELINES>    Explicit path to guidelines file
      --format <FORMAT>            Output format: text (default), json, yaml [default: text]
      --strict                     Exit with error code if any issues found (including warnings)
      --quiet                      Only show errors/warnings, suppress info-level output
      --verbose                    Show detailed analysis including passing commits
      --show-passing               Include passing commits in output (hidden by default)
      --batch-size <BATCH_SIZE>    Number of commits to process per AI request (default: 4) [default: 4]
      --no-suggestions             Skip generating corrected message suggestions
  -h, --help                       Print help


================================================================================

omni-dev git commit message twiddle - AI-powered commit message improvement using Claude

AI-powered commit message improvement using Claude

Usage: twiddle [OPTIONS] [COMMIT_RANGE]

Arguments:
  [COMMIT_RANGE]  Commit range to analyze and improve (e.g., HEAD~3..HEAD, abc123..def456)

Options:
      --model <MODEL>
          Claude API model to use (if not specified, uses settings or default)
      --auto-apply
          Skip confirmation prompt and apply amendments automatically
      --save-only <FILE>
          Save generated amendments to file without applying
      --use-context
          Use additional project context for better suggestions (Phase 3)
      --context-dir <CONTEXT_DIR>
          Path to custom context directory (defaults to .omni-dev/)
      --work-context <WORK_CONTEXT>
          Specify work context (e.g., "feature: user authentication")
      --branch-context <BRANCH_CONTEXT>
          Override detected branch context
      --no-context
          Disable contextual analysis (use basic prompting only)
      --batch-size <BATCH_SIZE>
          Maximum number of commits to process in a single batch (default: 4) [default: 4]
      --no-ai
          Skip AI processing and only output repository YAML
      --fresh
          Ignore existing commit messages and generate fresh ones based solely on diffs
      --check
          Run commit message validation after applying amendments
  -h, --help
          Print help


================================================================================

omni-dev git commit message view - Analyze commits and output repository information in YAML format

Analyze commits and output repository information in YAML format

Usage: view [COMMIT_RANGE]

Arguments:
  [COMMIT_RANGE]  Commit range to analyze (e.g., HEAD~3..HEAD, abc123..def456)

Options:
  -h, --help  Print help


================================================================================

omni-dev help-all - Display comprehensive help for all commands

Display comprehensive help for all commands

Usage: help-all

Options:
  -h, --help  Print help
