---
source: tests/integration_test.rs
expression: help_output
---
omni-dev - A comprehensive development toolkit

A comprehensive development toolkit

Usage: omni-dev <COMMAND>

Commands:
  ai        AI operations
  git       Git-related operations
  commands  Command template management
  config    Configuration and model information
  help-all  Displays comprehensive help for all commands
  help      Print this message or the help of the given subcommand(s)

Options:
  -h, --help     Print help
  -V, --version  Print version


================================================================================

omni-dev ai - AI operations

AI operations

Usage: ai <COMMAND>

Commands:
  chat  Interactive AI chat session
  help  Print this message or the help of the given subcommand(s)

Options:
  -h, --help  Print help


================================================================================

omni-dev ai chat - Interactive AI chat session

Interactive AI chat session

Usage: chat [OPTIONS]

Options:
      --model <MODEL>  AI model to use (overrides environment configuration)
  -h, --help           Print help


================================================================================

omni-dev commands - Command template management

Command template management

Usage: commands <COMMAND>

Commands:
  generate  Generates command templates
  help      Print this message or the help of the given subcommand(s)

Options:
  -h, --help  Print help


================================================================================

omni-dev commands generate - Generates command templates

Generates command templates

Usage: generate <COMMAND>

Commands:
  commit-twiddle  Generates commit-twiddle command template
  pr-create       Generates pr-create command template
  pr-update       Generates pr-update command template
  all             Generates all command templates
  help            Print this message or the help of the given subcommand(s)

Options:
  -h, --help  Print help


================================================================================

omni-dev commands generate all - Generates all command templates

Generates all command templates

Usage: all

Options:
  -h, --help  Print help


================================================================================

omni-dev commands generate commit-twiddle - Generates commit-twiddle command template

Generates commit-twiddle command template

Usage: commit-twiddle

Options:
  -h, --help  Print help


================================================================================

omni-dev commands generate pr-create - Generates pr-create command template

Generates pr-create command template

Usage: pr-create

Options:
  -h, --help  Print help


================================================================================

omni-dev commands generate pr-update - Generates pr-update command template

Generates pr-update command template

Usage: pr-update

Options:
  -h, --help  Print help


================================================================================

omni-dev config - Configuration and model information

Configuration and model information

Usage: config <COMMAND>

Commands:
  models  AI model configuration and information
  help    Print this message or the help of the given subcommand(s)

Options:
  -h, --help  Print help


================================================================================

omni-dev config models - AI model configuration and information

AI model configuration and information

Usage: models <COMMAND>

Commands:
  show  Shows the embedded models.yaml configuration
  help  Print this message or the help of the given subcommand(s)

Options:
  -h, --help  Print help


================================================================================

omni-dev config models show - Shows the embedded models.yaml configuration

Shows the embedded models.yaml configuration

Usage: show

Options:
  -h, --help  Print help


================================================================================

omni-dev git - Git-related operations

Git-related operations

Usage: git <COMMAND>

Commands:
  commit  Commit-related operations
  branch  Branch-related operations
  help    Print this message or the help of the given subcommand(s)

Options:
  -h, --help  Print help


================================================================================

omni-dev git branch - Branch-related operations

Branch-related operations

Usage: branch <COMMAND>

Commands:
  info    Analyzes branch commits and outputs repository information in YAML format
  create  Create operations
  help    Print this message or the help of the given subcommand(s)

Options:
  -h, --help  Print help


================================================================================

omni-dev git branch create - Create operations

Create operations

Usage: create <COMMAND>

Commands:
  pr    Creates a pull request with AI-generated description
  help  Print this message or the help of the given subcommand(s)

Options:
  -h, --help  Print help


================================================================================

omni-dev git branch create pr - Creates a pull request with AI-generated description

Creates a pull request with AI-generated description

Usage: pr [OPTIONS]

Options:
      --base <BRANCH>     Base branch for the PR to be merged into (defaults to main/master)
      --model <MODEL>     Claude API model to use (if not specified, uses settings or default)
      --auto-apply        Skips confirmation prompt and creates PR automatically
      --save-only <FILE>  Saves generated PR details to file without creating PR
      --ready             Creates PR as ready for review (overrides default)
      --draft             Creates PR as draft (overrides default)
  -h, --help              Print help


================================================================================

omni-dev git branch info - Analyzes branch commits and outputs repository information in YAML format

Analyzes branch commits and outputs repository information in YAML format

Usage: info [BASE_BRANCH]

Arguments:
  [BASE_BRANCH]  Base branch to compare against (defaults to main/master)

Options:
  -h, --help  Print help


================================================================================

omni-dev git commit - Commit-related operations

Commit-related operations

Usage: commit <COMMAND>

Commands:
  message  Commit message operations
  help     Print this message or the help of the given subcommand(s)

Options:
  -h, --help  Print help


================================================================================

omni-dev git commit message - Commit message operations

Commit message operations

Usage: message <COMMAND>

Commands:
  view     Analyzes commits and outputs repository information in YAML format
  amend    Amends commit messages based on a YAML configuration file
  twiddle  AI-powered commit message improvement using Claude
  check    Checks commit messages against guidelines without modifying them
  help     Print this message or the help of the given subcommand(s)

Options:
  -h, --help  Print help


================================================================================

omni-dev git commit message amend - Amends commit messages based on a YAML configuration file

Amends commit messages based on a YAML configuration file

Usage: amend <YAML_FILE>

Arguments:
  <YAML_FILE>  YAML file containing commit amendments

Options:
  -h, --help  Print help


================================================================================

omni-dev git commit message check - Checks commit messages against guidelines without modifying them

Checks commit messages against guidelines without modifying them

Usage: check [OPTIONS] [COMMIT_RANGE]

Arguments:
  [COMMIT_RANGE]  Commit range to check (e.g., HEAD~3..HEAD, abc123..def456). Defaults to commits ahead of main branch

Options:
      --model <MODEL>              Claude API model to use (if not specified, uses settings or default)
      --beta-header <KEY:VALUE>    Beta header to send with API requests (format: key:value). Only sent if the model supports it in the registry
      --context-dir <CONTEXT_DIR>  Path to custom context directory (defaults to .omni-dev/)
      --guidelines <GUIDELINES>    Explicit path to guidelines file
      --format <FORMAT>            Output format: text (default), json, yaml [default: text]
      --strict                     Exits with error code if any issues found (including warnings)
      --quiet                      Only shows errors/warnings, suppresses info-level output
      --verbose                    Shows detailed analysis including passing commits
      --show-passing               Includes passing commits in output (hidden by default)
      --concurrency <CONCURRENCY>  Maximum number of concurrent AI requests (default: 4) [default: 4]
      --no-coherence               Disables the cross-commit coherence pass
      --no-suggestions             Skips generating corrected message suggestions
      --twiddle                    Offers to apply suggested messages when issues are found
  -h, --help                       Print help


================================================================================

omni-dev git commit message twiddle - AI-powered commit message improvement using Claude

AI-powered commit message improvement using Claude

Usage: twiddle [OPTIONS] [COMMIT_RANGE]

Arguments:
  [COMMIT_RANGE]  Commit range to analyze and improve (e.g., HEAD~3..HEAD, abc123..def456)

Options:
      --model <MODEL>
          Claude API model to use (if not specified, uses settings or default)
      --beta-header <KEY:VALUE>
          Beta header to send with API requests (format: key:value). Only sent if the model supports it in the registry
      --auto-apply
          Skips confirmation prompt and applies amendments automatically
      --save-only <FILE>
          Saves generated amendments to file without applying
      --use-context
          Uses additional project context for better suggestions (Phase 3)
      --context-dir <CONTEXT_DIR>
          Path to custom context directory (defaults to .omni-dev/)
      --work-context <WORK_CONTEXT>
          Specifies work context (e.g., "feature: user authentication")
      --branch-context <BRANCH_CONTEXT>
          Overrides detected branch context
      --no-context
          Disables contextual analysis (uses basic prompting only)
      --concurrency <CONCURRENCY>
          Maximum number of concurrent AI requests (default: 4) [default: 4]
      --no-coherence
          Disables the cross-commit coherence pass
      --no-ai
          Skips AI processing and only outputs repository YAML
      --fresh
          Ignores existing commit messages and generates fresh ones based solely on diffs
      --check
          Runs commit message validation after applying amendments
  -h, --help
          Print help


================================================================================

omni-dev git commit message view - Analyzes commits and outputs repository information in YAML format

Analyzes commits and outputs repository information in YAML format

Usage: view [COMMIT_RANGE]

Arguments:
  [COMMIT_RANGE]  Commit range to analyze (e.g., HEAD~3..HEAD, abc123..def456)

Options:
  -h, --help  Print help


================================================================================

omni-dev help-all - Displays comprehensive help for all commands

Displays comprehensive help for all commands

Usage: help-all

Options:
  -h, --help  Print help
